// Jest Snapshot v1, https://goo.gl/fbAQLP

exports[`renders the same way every time 1`] = `
<div>
  <h1>
    Hello!
  </h1>
</div>
`;
